// Jest Snapshot v1, https://goo.gl/fbAQLP

exports[`Accent Icon Snapshots renders as expected 1`] = `
.emotion-0 {
  display: inline-block;
}

.emotion-0 svg {
  display: block;
}

.emotion-0 .color-500 {
  fill: #005cb9;
}

.emotion-0 .french-vanilla-100 {
  fill: #ffffff;
}

<span
  className="emotion-0"
  dangerouslySetInnerHTML={
    Object {
      "__html": "<svg xmlns=\\"http://www.w3.org/2000/svg\\" width=\\"56\\" height=\\"56\\" class=\\"wd-accent-shield wd-accent\\" focusable=\\"false\\" role=\\"presentation\\" viewBox=\\"0 0 56 56\\"><g fill=\\"none\\" fill-rule=\\"evenodd\\" class=\\"wd-icon-container\\"><path fill=\\"#005DBA\\" fill-rule=\\"nonzero\\" d=\\"M9.011 11.573a.807.807 0 0 1 .537-.746l17.904-5.654a2.114 2.114 0 0 1 1.096 0l17.904 5.654a.813.813 0 0 1 .537.764S46.9 20.903 45 31c-1.9 10.097-12.663 15.503-17 20-3.989-4.497-15.1-9.568-17-20-1.9-10.432-1.989-19.427-1.989-19.427zM27.946 7.08c.066.016.077.01.108 0l-17.022 5.376.021.61c.047 1.235.123 2.633.235 4.163.32 4.374.862 8.925 1.68 13.413.825 4.531 3.538 8.178 8.385 12.214.668.556 1.36 1.11 2.25 1.803.114.09 1.728 1.342 2.179 1.697a46.566 46.566 0 0 1 2.284 1.893c2.413-2.068 6.486-5.296 6.384-5.21 4.952-4.173 7.735-7.895 8.585-12.409.816-4.336 1.358-8.848 1.677-13.265a120.584 120.584 0 0 0 .257-4.909L27.946 7.08zm-13.897 8.463a.742.742 0 0 1 .466-.727l12.97-4.632a1.78 1.78 0 0 1 1.03 0l12.97 4.632a.755.755 0 0 1 .467.731S41.4 22.313 40 30c-1.4 7.687-8.804 11.577-12 15-2.94-3.423-10.6-7.058-12-15-1.4-7.942-1.95-14.457-1.95-14.457zm1.98.751l.02.202a183.943 183.943 0 0 0 1.823 13.174c.602 3.41 2.475 6.083 5.846 9.043.457.401.932.802 1.543 1.304.09.074 1.2.982 1.513 1.242.49.407.909.766 1.277 1.098a209.19 209.19 0 0 1 4.067-3.482c3.461-3.07 5.39-5.807 6.011-9.216.605-3.32 1.097-6.712 1.484-9.99a156.596 156.596 0 0 0 .362-3.373L28 12.019l-11.97 4.275zm2.98 2.844a1 1 0 0 1 1.981-.276c.977 6.985 1.961 11.252 2.844 12.586a1 1 0 1 1-1.668 1.104c-1.117-1.69-2.133-6.089-3.156-13.414zM25 36a1 1 0 1 1 0-2 1 1 0 0 1 0 2z\\" class=\\"color-500\\"/><path fill=\\"#FFF\\" d=\\"M27.946 7.08l17.023 5.376-.022.674a120.584 120.584 0 0 1-.235 4.235c-.32 4.417-.861 8.93-1.677 13.265-.85 4.514-3.633 8.236-8.585 12.408.102-.085-3.97 3.143-6.384 5.211a46.566 46.566 0 0 0-2.284-1.893c-.45-.355-2.065-1.607-2.18-1.697a88.926 88.926 0 0 1-2.249-1.803c-4.847-4.036-7.56-7.683-8.385-12.214-.818-4.488-1.36-9.04-1.68-13.413a119.04 119.04 0 0 1-.256-4.773L28.054 7.08c-.03.01-.042.016-.108 0zm-13.897 8.463S14.6 22.058 16 30c1.4 7.942 9.06 11.577 12 15 3.196-3.423 10.6-7.313 12-15 1.4-7.687 1.952-14.453 1.952-14.453a.755.755 0 0 0-.467-.73l-12.97-4.633a1.78 1.78 0 0 0-1.03 0l-12.97 4.632a.742.742 0 0 0-.466.727zm13.826-3.568l.037.013-.037-.013zm-11.846 4.32L28 12.018l11.975 4.277-.024.244c-.09.93-.203 1.98-.338 3.128-.387 3.279-.879 6.67-1.484 9.991-.62 3.409-2.55 6.146-6.011 9.216a209.19 209.19 0 0 0-4.067 3.482 40.906 40.906 0 0 0-1.277-1.098c-.313-.26-1.423-1.168-1.513-1.242a62.262 62.262 0 0 1-1.543-1.304c-3.37-2.96-5.244-5.633-5.845-9.043a183.943 183.943 0 0 1-1.844-13.376zm2.98 2.843c1.024 7.325 2.04 11.725 3.157 13.414a1 1 0 1 0 1.668-1.104c-.883-1.334-1.867-5.601-2.844-12.586a1 1 0 0 0-1.98.276zM25 36a1 1 0 1 0 0-2 1 1 0 0 0 0 2z\\" class=\\"french-vanilla-100\\"/></g></svg>",
    }
  }
/>
`;
