// Jest Snapshot v1, https://goo.gl/fbAQLP

exports[`System Icon Circle Snapshots renders as expected 1`] = `
.emotion-1 {
  display: -webkit-box;
  display: -webkit-flex;
  display: -ms-flexbox;
  display: flex;
  -webkit-align-items: center;
  -webkit-box-align: center;
  -ms-flex-align: center;
  align-items: center;
  -webkit-box-pack: center;
  -webkit-justify-content: center;
  -ms-flex-pack: center;
  justify-content: center;
  padding: 0;
  border: 0;
  border-radius: 100%;
  box-sizing: border-box;
  overflow: hidden;
  background: #e8ebed;
  width: 40px;
  height: 40px;
}

.emotion-1 img {
  width: 100%;
  height: 100%;
}

.emotion-0 {
  display: inline-block;
}

.emotion-0 svg {
  display: block;
}

.emotion-0 .wd-icon-fill {
  fill: rgba(0,0,0,0.65);
}

.emotion-0:hover .wd-icon-fill {
  fill: rgba(0,0,0,0.65);
}

.emotion-0 .wd-icon-accent {
  fill: rgba(0,0,0,0.65);
}

.emotion-0:hover .wd-icon-accent {
  fill: rgba(0,0,0,0.65);
}

.emotion-0 .wd-icon-background {
  fill: transparent;
}

.emotion-0:hover .wd-icon-background {
  fill: transparent;
}

.emotion-0 svg {
  width: 25px;
  height: 25px;
}

<div
  className="emotion-1 emotion-2"
>
  <span
    className="emotion-0"
    dangerouslySetInnerHTML={
      Object {
        "__html": "<svg xmlns=\\"http://www.w3.org/2000/svg\\" width=\\"24\\" height=\\"24\\" class=\\"wd-icon-activity-stream wd-icon\\" focusable=\\"false\\" role=\\"presentation\\" viewBox=\\"0 0 24 24\\"><g fill-rule=\\"evenodd\\" class=\\"wd-icon-container\\"><path d=\\"M20 17V4H4v13z\\" class=\\"wd-icon-background\\"/><path d=\\"M11 19l-3.602 2.701c-.22.165-.398.083-.398-.196V19H3.49a.496.496 0 0 1-.49-.496V3.496A.5.5 0 0 1 3.5 3h17a.5.5 0 0 1 .5.496v15.008a.503.503 0 0 1-.51.496H11zM5 5v12h14V5H5z\\" class=\\"wd-icon-fill\\"/><path d=\\"M7 11.505c0-.279.228-.505.491-.505h5.018a.49.49 0 0 1 .491.505v.99a.503.503 0 0 1-.491.505H7.491A.49.49 0 0 1 7 12.495v-.99zm0-3C7 8.226 7.228 8 7.51 8h8.98a.5.5 0 0 1 .51.505v.99a.507.507 0 0 1-.51.505H7.51A.5.5 0 0 1 7 9.495v-.99z\\" class=\\"wd-icon-accent\\"/></g></svg>",
      }
    }
  />
</div>
`;

exports[`System Icon Circle Snapshots renders as expected with colored background 1`] = `
.emotion-1 {
  display: -webkit-box;
  display: -webkit-flex;
  display: -ms-flexbox;
  display: flex;
  -webkit-align-items: center;
  -webkit-box-align: center;
  -ms-flex-align: center;
  align-items: center;
  -webkit-box-pack: center;
  -webkit-justify-content: center;
  -ms-flex-pack: center;
  justify-content: center;
  padding: 0;
  border: 0;
  border-radius: 100%;
  box-sizing: border-box;
  overflow: hidden;
  background: #0875e1;
  width: 40px;
  height: 40px;
}

.emotion-1 img {
  width: 100%;
  height: 100%;
}

.emotion-0 {
  display: inline-block;
}

.emotion-0 svg {
  display: block;
}

.emotion-0 .wd-icon-fill {
  fill: #ffffff;
}

.emotion-0:hover .wd-icon-fill {
  fill: #ffffff;
}

.emotion-0 .wd-icon-accent {
  fill: #ffffff;
}

.emotion-0:hover .wd-icon-accent {
  fill: #ffffff;
}

.emotion-0 .wd-icon-background {
  fill: transparent;
}

.emotion-0:hover .wd-icon-background {
  fill: transparent;
}

.emotion-0 svg {
  width: 25px;
  height: 25px;
}

<div
  className="emotion-1 emotion-2"
>
  <span
    className="emotion-0"
    dangerouslySetInnerHTML={
      Object {
        "__html": "<svg xmlns=\\"http://www.w3.org/2000/svg\\" width=\\"24\\" height=\\"24\\" class=\\"wd-icon-activity-stream wd-icon\\" focusable=\\"false\\" role=\\"presentation\\" viewBox=\\"0 0 24 24\\"><g fill-rule=\\"evenodd\\" class=\\"wd-icon-container\\"><path d=\\"M20 17V4H4v13z\\" class=\\"wd-icon-background\\"/><path d=\\"M11 19l-3.602 2.701c-.22.165-.398.083-.398-.196V19H3.49a.496.496 0 0 1-.49-.496V3.496A.5.5 0 0 1 3.5 3h17a.5.5 0 0 1 .5.496v15.008a.503.503 0 0 1-.51.496H11zM5 5v12h14V5H5z\\" class=\\"wd-icon-fill\\"/><path d=\\"M7 11.505c0-.279.228-.505.491-.505h5.018a.49.49 0 0 1 .491.505v.99a.503.503 0 0 1-.491.505H7.491A.49.49 0 0 1 7 12.495v-.99zm0-3C7 8.226 7.228 8 7.51 8h8.98a.5.5 0 0 1 .51.505v.99a.507.507 0 0 1-.51.505H7.51A.5.5 0 0 1 7 9.495v-.99z\\" class=\\"wd-icon-accent\\"/></g></svg>",
      }
    }
  />
</div>
`;

exports[`System Icon Snapshots renders as expected 1`] = `
.emotion-0 {
  display: inline-block;
}

.emotion-0 svg {
  display: block;
}

.emotion-0 .wd-icon-fill {
  fill: #7b858f;
}

.emotion-0:hover .wd-icon-fill {
  fill: #333d47;
}

.emotion-0 .wd-icon-accent {
  fill: #7b858f;
}

.emotion-0:hover .wd-icon-accent {
  fill: #333d47;
}

.emotion-0 .wd-icon-background {
  fill: transparent;
}

.emotion-0:hover .wd-icon-background {
  fill: transparent;
}

<span
  className="emotion-0"
  dangerouslySetInnerHTML={
    Object {
      "__html": "<svg xmlns=\\"http://www.w3.org/2000/svg\\" width=\\"24\\" height=\\"24\\" class=\\"wd-icon-activity-stream wd-icon\\" focusable=\\"false\\" role=\\"presentation\\" viewBox=\\"0 0 24 24\\"><g fill-rule=\\"evenodd\\" class=\\"wd-icon-container\\"><path d=\\"M20 17V4H4v13z\\" class=\\"wd-icon-background\\"/><path d=\\"M11 19l-3.602 2.701c-.22.165-.398.083-.398-.196V19H3.49a.496.496 0 0 1-.49-.496V3.496A.5.5 0 0 1 3.5 3h17a.5.5 0 0 1 .5.496v15.008a.503.503 0 0 1-.51.496H11zM5 5v12h14V5H5z\\" class=\\"wd-icon-fill\\"/><path d=\\"M7 11.505c0-.279.228-.505.491-.505h5.018a.49.49 0 0 1 .491.505v.99a.503.503 0 0 1-.491.505H7.491A.49.49 0 0 1 7 12.495v-.99zm0-3C7 8.226 7.228 8 7.51 8h8.98a.5.5 0 0 1 .51.505v.99a.507.507 0 0 1-.51.505H7.51A.5.5 0 0 1 7 9.495v-.99z\\" class=\\"wd-icon-accent\\"/></g></svg>",
    }
  }
/>
`;
