// Jest Snapshot v1, https://goo.gl/fbAQLP

exports[`Banner Snapshots renders a banner with a custom action text expected 1`] = `
.emotion-6 {
  font-size: 14px;
  line-height: 20px;
  font-weight: 500;
  color: #333333;
  font-family: "Roboto","Helvetica Neue","Helvetica",Arial,sans-serif;
  background-color: #ffa126;
  box-sizing: border-box;
  padding: 8px 16px;
  text-align: left;
  border: 0;
  display: -webkit-box;
  display: -webkit-flex;
  display: -ms-flexbox;
  display: flex;
  -webkit-align-items: center;
  -webkit-box-align: center;
  -ms-flex-align: center;
  align-items: center;
  -webkit-transition: background-color 120ms;
  transition: background-color 120ms;
  background-color: #ffa126;
  color: #333333;
  border-radius: 4px;
  width: 328px;
}

.emotion-6:focus {
  outline: none;
  -webkit-animation: animation-1h1pob6 100ms;
  animation: animation-1h1pob6 100ms;
  box-shadow: 0 0 0 2px #ffffff,0 0 0 4px #0875e1;
}

.emotion-6:hover {
  cursor: pointer;
}

.emotion-6:hover {
  background-color: #f38b00;
}

.emotion-1 {
  display: inline-block;
  margin-right: 12px;
}

.emotion-1 svg {
  display: block;
}

.emotion-1 .wd-icon-fill {
  fill: #333333;
}

.emotion-1:hover .wd-icon-fill {
  fill: #333333;
}

.emotion-1 .wd-icon-accent {
  fill: #333333;
}

.emotion-1:hover .wd-icon-accent {
  fill: #333333;
}

.emotion-1 .wd-icon-background {
  fill: transparent;
}

.emotion-1:hover .wd-icon-background {
  fill: transparent;
}

.emotion-1 svg {
  width: 24px;
  height: 24px;
}

.emotion-2 {
  -webkit-flex: 1;
  -ms-flex: 1;
  flex: 1;
}

.emotion-4 {
  -webkit-text-decoration: underline;
  text-decoration: underline;
}

<button
  aria-label="Do an action: undefined"
  className="emotion-6 emotion-7"
  role="button"
  tabIndex={0}
>
  <span
    className="emotion-0 emotion-1"
    dangerouslySetInnerHTML={
      Object {
        "__html": "<svg xmlns=\\"http://www.w3.org/2000/svg\\" width=\\"24\\" height=\\"24\\" class=\\"wd-icon-exclamation-triangle wd-icon\\" focusable=\\"false\\" role=\\"presentation\\" viewBox=\\"0 0 24 24\\"><g fill-rule=\\"evenodd\\" class=\\"wd-icon-container\\"><path d=\\"M12.004 6.393L17.995 19H6z\\" class=\\"wd-icon-background\\"/><path d=\\"M12.442 3.316l8.468 16.918a.5.5 0 0 1-.448.724l-16.888-.003a.5.5 0 0 1-.447-.723l8.42-16.915a.5.5 0 0 1 .895-.001zm-.438 3.077L6 19h11.995L12.004 6.393z\\" class=\\"wd-icon-fill\\"/><path d=\\"M12.495 10c.279 0 .505.215.505.498v4.004a.494.494 0 0 1-.505.498h-.99a.496.496 0 0 1-.505-.498v-4.004c0-.275.214-.498.505-.498h.99zm0 8h-.99a.497.497 0 0 1-.505-.505v-.99c0-.291.226-.505.505-.505h.99c.291 0 .505.226.505.505v.99c0 .291-.226.505-.505.505z\\" class=\\"wd-icon-accent\\"/></g></svg>",
      }
    }
  />
  <div
    className="emotion-2 emotion-3"
  />
  <span
    className="emotion-4 emotion-5"
  >
    Do an action
  </span>
</button>
`;

exports[`Banner Snapshots renders a banner with a custom label expected 1`] = `
.emotion-6 {
  font-size: 14px;
  line-height: 20px;
  font-weight: 500;
  color: #333333;
  font-family: "Roboto","Helvetica Neue","Helvetica",Arial,sans-serif;
  background-color: #ffa126;
  box-sizing: border-box;
  padding: 8px 16px;
  text-align: left;
  border: 0;
  display: -webkit-box;
  display: -webkit-flex;
  display: -ms-flexbox;
  display: flex;
  -webkit-align-items: center;
  -webkit-box-align: center;
  -ms-flex-align: center;
  align-items: center;
  -webkit-transition: background-color 120ms;
  transition: background-color 120ms;
  background-color: #ffa126;
  color: #333333;
  border-radius: 4px;
  width: 328px;
}

.emotion-6:focus {
  outline: none;
  -webkit-animation: animation-1h1pob6 100ms;
  animation: animation-1h1pob6 100ms;
  box-shadow: 0 0 0 2px #ffffff,0 0 0 4px #0875e1;
}

.emotion-6:hover {
  cursor: pointer;
}

.emotion-6:hover {
  background-color: #f38b00;
}

.emotion-1 {
  display: inline-block;
  margin-right: 12px;
}

.emotion-1 svg {
  display: block;
}

.emotion-1 .wd-icon-fill {
  fill: #333333;
}

.emotion-1:hover .wd-icon-fill {
  fill: #333333;
}

.emotion-1 .wd-icon-accent {
  fill: #333333;
}

.emotion-1:hover .wd-icon-accent {
  fill: #333333;
}

.emotion-1 .wd-icon-background {
  fill: transparent;
}

.emotion-1:hover .wd-icon-background {
  fill: transparent;
}

.emotion-1 svg {
  width: 24px;
  height: 24px;
}

.emotion-2 {
  -webkit-flex: 1;
  -ms-flex: 1;
  flex: 1;
}

.emotion-4 {
  -webkit-text-decoration: underline;
  text-decoration: underline;
}

<button
  aria-label="View All: Hello"
  className="emotion-6 emotion-7"
  role="button"
  tabIndex={0}
>
  <span
    className="emotion-0 emotion-1"
    dangerouslySetInnerHTML={
      Object {
        "__html": "<svg xmlns=\\"http://www.w3.org/2000/svg\\" width=\\"24\\" height=\\"24\\" class=\\"wd-icon-exclamation-triangle wd-icon\\" focusable=\\"false\\" role=\\"presentation\\" viewBox=\\"0 0 24 24\\"><g fill-rule=\\"evenodd\\" class=\\"wd-icon-container\\"><path d=\\"M12.004 6.393L17.995 19H6z\\" class=\\"wd-icon-background\\"/><path d=\\"M12.442 3.316l8.468 16.918a.5.5 0 0 1-.448.724l-16.888-.003a.5.5 0 0 1-.447-.723l8.42-16.915a.5.5 0 0 1 .895-.001zm-.438 3.077L6 19h11.995L12.004 6.393z\\" class=\\"wd-icon-fill\\"/><path d=\\"M12.495 10c.279 0 .505.215.505.498v4.004a.494.494 0 0 1-.505.498h-.99a.496.496 0 0 1-.505-.498v-4.004c0-.275.214-.498.505-.498h.99zm0 8h-.99a.497.497 0 0 1-.505-.505v-.99c0-.291.226-.505.505-.505h.99c.291 0 .505.226.505.505v.99c0 .291-.226.505-.505.505z\\" class=\\"wd-icon-accent\\"/></g></svg>",
      }
    }
  />
  <div
    className="emotion-2 emotion-3"
  >
    Hello
  </div>
  <span
    className="emotion-4 emotion-5"
  >
    View All
  </span>
</button>
`;

exports[`Banner Snapshots renders a full banner as expected 1`] = `
.emotion-6 {
  font-size: 14px;
  line-height: 20px;
  font-weight: 500;
  color: #333333;
  font-family: "Roboto","Helvetica Neue","Helvetica",Arial,sans-serif;
  background-color: #ffa126;
  box-sizing: border-box;
  padding: 8px 16px;
  text-align: left;
  border: 0;
  display: -webkit-box;
  display: -webkit-flex;
  display: -ms-flexbox;
  display: flex;
  -webkit-align-items: center;
  -webkit-box-align: center;
  -ms-flex-align: center;
  align-items: center;
  -webkit-transition: background-color 120ms;
  transition: background-color 120ms;
  background-color: #ffa126;
  color: #333333;
  border-radius: 4px;
  width: 328px;
}

.emotion-6:focus {
  outline: none;
  -webkit-animation: animation-1h1pob6 100ms;
  animation: animation-1h1pob6 100ms;
  box-shadow: 0 0 0 2px #ffffff,0 0 0 4px #0875e1;
}

.emotion-6:hover {
  cursor: pointer;
}

.emotion-6:hover {
  background-color: #f38b00;
}

.emotion-1 {
  display: inline-block;
  margin-right: 12px;
}

.emotion-1 svg {
  display: block;
}

.emotion-1 .wd-icon-fill {
  fill: #333333;
}

.emotion-1:hover .wd-icon-fill {
  fill: #333333;
}

.emotion-1 .wd-icon-accent {
  fill: #333333;
}

.emotion-1:hover .wd-icon-accent {
  fill: #333333;
}

.emotion-1 .wd-icon-background {
  fill: transparent;
}

.emotion-1:hover .wd-icon-background {
  fill: transparent;
}

.emotion-1 svg {
  width: 24px;
  height: 24px;
}

.emotion-2 {
  -webkit-flex: 1;
  -ms-flex: 1;
  flex: 1;
}

.emotion-4 {
  -webkit-text-decoration: underline;
  text-decoration: underline;
}

<button
  aria-label="View All: undefined"
  className="emotion-6 emotion-7"
  role="button"
  tabIndex={0}
>
  <span
    className="emotion-0 emotion-1"
    dangerouslySetInnerHTML={
      Object {
        "__html": "<svg xmlns=\\"http://www.w3.org/2000/svg\\" width=\\"24\\" height=\\"24\\" class=\\"wd-icon-exclamation-triangle wd-icon\\" focusable=\\"false\\" role=\\"presentation\\" viewBox=\\"0 0 24 24\\"><g fill-rule=\\"evenodd\\" class=\\"wd-icon-container\\"><path d=\\"M12.004 6.393L17.995 19H6z\\" class=\\"wd-icon-background\\"/><path d=\\"M12.442 3.316l8.468 16.918a.5.5 0 0 1-.448.724l-16.888-.003a.5.5 0 0 1-.447-.723l8.42-16.915a.5.5 0 0 1 .895-.001zm-.438 3.077L6 19h11.995L12.004 6.393z\\" class=\\"wd-icon-fill\\"/><path d=\\"M12.495 10c.279 0 .505.215.505.498v4.004a.494.494 0 0 1-.505.498h-.99a.496.496 0 0 1-.505-.498v-4.004c0-.275.214-.498.505-.498h.99zm0 8h-.99a.497.497 0 0 1-.505-.505v-.99c0-.291.226-.505.505-.505h.99c.291 0 .505.226.505.505v.99c0 .291-.226.505-.505.505z\\" class=\\"wd-icon-accent\\"/></g></svg>",
      }
    }
  />
  <div
    className="emotion-2 emotion-3"
  />
  <span
    className="emotion-4 emotion-5"
  >
    View All
  </span>
</button>
`;

exports[`Banner Snapshots renders a sticky banner as expected 1`] = `
.emotion-1 {
  display: inline-block;
  margin-right: 12px;
}

.emotion-1 svg {
  display: block;
}

.emotion-1 .wd-icon-fill {
  fill: #333333;
}

.emotion-1:hover .wd-icon-fill {
  fill: #333333;
}

.emotion-1 .wd-icon-accent {
  fill: #333333;
}

.emotion-1:hover .wd-icon-accent {
  fill: #333333;
}

.emotion-1 .wd-icon-background {
  fill: transparent;
}

.emotion-1:hover .wd-icon-background {
  fill: transparent;
}

.emotion-1 svg {
  width: 24px;
  height: 24px;
}

.emotion-2 {
  -webkit-flex: 1;
  -ms-flex: 1;
  flex: 1;
}

.emotion-6 {
  font-size: 14px;
  line-height: 20px;
  font-weight: 500;
  color: #333333;
  font-family: "Roboto","Helvetica Neue","Helvetica",Arial,sans-serif;
  background-color: #ffa126;
  box-sizing: border-box;
  padding: 8px 16px;
  text-align: left;
  border: 0;
  display: -webkit-box;
  display: -webkit-flex;
  display: -ms-flexbox;
  display: flex;
  -webkit-align-items: center;
  -webkit-box-align: center;
  -ms-flex-align: center;
  align-items: center;
  -webkit-transition: background-color 120ms;
  transition: background-color 120ms;
  background-color: #ffa126;
  color: #333333;
  border-radius: 4px 0 0 4px;
  width: 222px;
}

.emotion-6:focus {
  outline: none;
  -webkit-animation: animation-1h1pob6 100ms;
  animation: animation-1h1pob6 100ms;
  box-shadow: 0 0 0 2px #ffffff,0 0 0 4px #0875e1;
}

.emotion-6:hover {
  cursor: pointer;
}

.emotion-6:hover {
  background-color: #f38b00;
}

.emotion-4 {
  -webkit-text-decoration: underline;
  text-decoration: underline;
  display: none;
}

<button
  aria-label="View All: undefined"
  className="emotion-6 emotion-7"
  role="button"
  tabIndex={0}
>
  <span
    className="emotion-0 emotion-1"
    dangerouslySetInnerHTML={
      Object {
        "__html": "<svg xmlns=\\"http://www.w3.org/2000/svg\\" width=\\"24\\" height=\\"24\\" class=\\"wd-icon-exclamation-triangle wd-icon\\" focusable=\\"false\\" role=\\"presentation\\" viewBox=\\"0 0 24 24\\"><g fill-rule=\\"evenodd\\" class=\\"wd-icon-container\\"><path d=\\"M12.004 6.393L17.995 19H6z\\" class=\\"wd-icon-background\\"/><path d=\\"M12.442 3.316l8.468 16.918a.5.5 0 0 1-.448.724l-16.888-.003a.5.5 0 0 1-.447-.723l8.42-16.915a.5.5 0 0 1 .895-.001zm-.438 3.077L6 19h11.995L12.004 6.393z\\" class=\\"wd-icon-fill\\"/><path d=\\"M12.495 10c.279 0 .505.215.505.498v4.004a.494.494 0 0 1-.505.498h-.99a.496.496 0 0 1-.505-.498v-4.004c0-.275.214-.498.505-.498h.99zm0 8h-.99a.497.497 0 0 1-.505-.505v-.99c0-.291.226-.505.505-.505h.99c.291 0 .505.226.505.505v.99c0 .291-.226.505-.505.505z\\" class=\\"wd-icon-accent\\"/></g></svg>",
      }
    }
  />
  <div
    className="emotion-2 emotion-3"
  />
  <span
    className="emotion-4 emotion-5"
  >
    View All
  </span>
</button>
`;

exports[`Banner Snapshots renders an alert banner as expected 1`] = `
.emotion-6 {
  font-size: 14px;
  line-height: 20px;
  font-weight: 500;
  color: #333333;
  font-family: "Roboto","Helvetica Neue","Helvetica",Arial,sans-serif;
  background-color: #ffa126;
  box-sizing: border-box;
  padding: 8px 16px;
  text-align: left;
  border: 0;
  display: -webkit-box;
  display: -webkit-flex;
  display: -ms-flexbox;
  display: flex;
  -webkit-align-items: center;
  -webkit-box-align: center;
  -ms-flex-align: center;
  align-items: center;
  -webkit-transition: background-color 120ms;
  transition: background-color 120ms;
  background-color: #ffa126;
  color: #333333;
  border-radius: 4px;
  width: 328px;
}

.emotion-6:focus {
  outline: none;
  -webkit-animation: animation-1h1pob6 100ms;
  animation: animation-1h1pob6 100ms;
  box-shadow: 0 0 0 2px #ffffff,0 0 0 4px #0875e1;
}

.emotion-6:hover {
  cursor: pointer;
}

.emotion-6:hover {
  background-color: #f38b00;
}

.emotion-1 {
  display: inline-block;
  margin-right: 12px;
}

.emotion-1 svg {
  display: block;
}

.emotion-1 .wd-icon-fill {
  fill: #333333;
}

.emotion-1:hover .wd-icon-fill {
  fill: #333333;
}

.emotion-1 .wd-icon-accent {
  fill: #333333;
}

.emotion-1:hover .wd-icon-accent {
  fill: #333333;
}

.emotion-1 .wd-icon-background {
  fill: transparent;
}

.emotion-1:hover .wd-icon-background {
  fill: transparent;
}

.emotion-1 svg {
  width: 24px;
  height: 24px;
}

.emotion-2 {
  -webkit-flex: 1;
  -ms-flex: 1;
  flex: 1;
}

.emotion-4 {
  -webkit-text-decoration: underline;
  text-decoration: underline;
}

<button
  aria-label="View All: undefined"
  className="emotion-6 emotion-7"
  role="button"
  tabIndex={0}
>
  <span
    className="emotion-0 emotion-1"
    dangerouslySetInnerHTML={
      Object {
        "__html": "<svg xmlns=\\"http://www.w3.org/2000/svg\\" width=\\"24\\" height=\\"24\\" class=\\"wd-icon-exclamation-triangle wd-icon\\" focusable=\\"false\\" role=\\"presentation\\" viewBox=\\"0 0 24 24\\"><g fill-rule=\\"evenodd\\" class=\\"wd-icon-container\\"><path d=\\"M12.004 6.393L17.995 19H6z\\" class=\\"wd-icon-background\\"/><path d=\\"M12.442 3.316l8.468 16.918a.5.5 0 0 1-.448.724l-16.888-.003a.5.5 0 0 1-.447-.723l8.42-16.915a.5.5 0 0 1 .895-.001zm-.438 3.077L6 19h11.995L12.004 6.393z\\" class=\\"wd-icon-fill\\"/><path d=\\"M12.495 10c.279 0 .505.215.505.498v4.004a.494.494 0 0 1-.505.498h-.99a.496.496 0 0 1-.505-.498v-4.004c0-.275.214-.498.505-.498h.99zm0 8h-.99a.497.497 0 0 1-.505-.505v-.99c0-.291.226-.505.505-.505h.99c.291 0 .505.226.505.505v.99c0 .291-.226.505-.505.505z\\" class=\\"wd-icon-accent\\"/></g></svg>",
      }
    }
  />
  <div
    className="emotion-2 emotion-3"
  />
  <span
    className="emotion-4 emotion-5"
  >
    View All
  </span>
</button>
`;

exports[`Banner Snapshots renders an error banner as expected 1`] = `
.emotion-2 {
  -webkit-flex: 1;
  -ms-flex: 1;
  flex: 1;
}

.emotion-4 {
  -webkit-text-decoration: underline;
  text-decoration: underline;
}

.emotion-6 {
  font-size: 14px;
  line-height: 20px;
  font-weight: 500;
  color: #333333;
  font-family: "Roboto","Helvetica Neue","Helvetica",Arial,sans-serif;
  background-color: #ffa126;
  box-sizing: border-box;
  padding: 8px 16px;
  text-align: left;
  border: 0;
  display: -webkit-box;
  display: -webkit-flex;
  display: -ms-flexbox;
  display: flex;
  -webkit-align-items: center;
  -webkit-box-align: center;
  -ms-flex-align: center;
  align-items: center;
  -webkit-transition: background-color 120ms;
  transition: background-color 120ms;
  background-color: #de2e21;
  color: #ffffff;
  border-radius: 4px;
  width: 328px;
}

.emotion-6:focus {
  outline: none;
  -webkit-animation: animation-1h1pob6 100ms;
  animation: animation-1h1pob6 100ms;
  box-shadow: 0 0 0 2px #ffffff,0 0 0 4px #0875e1;
}

.emotion-6:hover {
  cursor: pointer;
}

.emotion-6:hover {
  background-color: #a31b12;
}

.emotion-1 {
  display: inline-block;
  margin-right: 12px;
}

.emotion-1 svg {
  display: block;
}

.emotion-1 .wd-icon-fill {
  fill: #ffffff;
}

.emotion-1:hover .wd-icon-fill {
  fill: #ffffff;
}

.emotion-1 .wd-icon-accent {
  fill: #ffffff;
}

.emotion-1:hover .wd-icon-accent {
  fill: #ffffff;
}

.emotion-1 .wd-icon-background {
  fill: transparent;
}

.emotion-1:hover .wd-icon-background {
  fill: transparent;
}

.emotion-1 svg {
  width: 24px;
  height: 24px;
}

<button
  aria-label="View All: undefined"
  className="emotion-6 emotion-7"
  role="button"
  tabIndex={0}
>
  <span
    className="emotion-0 emotion-1"
    dangerouslySetInnerHTML={
      Object {
        "__html": "<svg xmlns=\\"http://www.w3.org/2000/svg\\" width=\\"24\\" height=\\"24\\" class=\\"wd-icon-exclamation-circle wd-icon\\" focusable=\\"false\\" role=\\"presentation\\" viewBox=\\"0 0 24 24\\"><g fill-rule=\\"evenodd\\" class=\\"wd-icon-container\\"><circle cx=\\"12\\" cy=\\"12\\" r=\\"9\\" class=\\"wd-icon-background\\"/><path d=\\"M2 12C2 6.477 6.476 2 12 2c5.523 0 10 4.476 10 10 0 5.523-4.476 10-10 10-5.523 0-10-4.476-10-10zm2 0a8 8 0 0 0 8 8 8 8 0 0 0 8-8 8 8 0 0 0-8-8 8 8 0 0 0-8 8z\\" class=\\"wd-icon-fill\\"/><path d=\\"M12.495 7c.279 0 .505.233.505.503v5.994a.497.497 0 0 1-.505.503h-.99a.509.509 0 0 1-.505-.503V7.503c0-.278.214-.503.505-.503h.99zm0 10h-.99a.497.497 0 0 1-.505-.505v-.99c0-.291.226-.505.505-.505h.99c.291 0 .505.226.505.505v.99c0 .291-.226.505-.505.505z\\" class=\\"wd-icon-accent\\"/></g></svg>",
      }
    }
  />
  <div
    className="emotion-2 emotion-3"
  />
  <span
    className="emotion-4 emotion-5"
  >
    View All
  </span>
</button>
`;

exports[`Banner Snapshots renders as expected 1`] = `
.emotion-6 {
  font-size: 14px;
  line-height: 20px;
  font-weight: 500;
  color: #333333;
  font-family: "Roboto","Helvetica Neue","Helvetica",Arial,sans-serif;
  background-color: #ffa126;
  box-sizing: border-box;
  padding: 8px 16px;
  text-align: left;
  border: 0;
  display: -webkit-box;
  display: -webkit-flex;
  display: -ms-flexbox;
  display: flex;
  -webkit-align-items: center;
  -webkit-box-align: center;
  -ms-flex-align: center;
  align-items: center;
  -webkit-transition: background-color 120ms;
  transition: background-color 120ms;
  background-color: #ffa126;
  color: #333333;
  border-radius: 4px;
  width: 328px;
}

.emotion-6:focus {
  outline: none;
  -webkit-animation: animation-1h1pob6 100ms;
  animation: animation-1h1pob6 100ms;
  box-shadow: 0 0 0 2px #ffffff,0 0 0 4px #0875e1;
}

.emotion-6:hover {
  cursor: pointer;
}

.emotion-6:hover {
  background-color: #f38b00;
}

.emotion-1 {
  display: inline-block;
  margin-right: 12px;
}

.emotion-1 svg {
  display: block;
}

.emotion-1 .wd-icon-fill {
  fill: #333333;
}

.emotion-1:hover .wd-icon-fill {
  fill: #333333;
}

.emotion-1 .wd-icon-accent {
  fill: #333333;
}

.emotion-1:hover .wd-icon-accent {
  fill: #333333;
}

.emotion-1 .wd-icon-background {
  fill: transparent;
}

.emotion-1:hover .wd-icon-background {
  fill: transparent;
}

.emotion-1 svg {
  width: 24px;
  height: 24px;
}

.emotion-2 {
  -webkit-flex: 1;
  -ms-flex: 1;
  flex: 1;
}

.emotion-4 {
  -webkit-text-decoration: underline;
  text-decoration: underline;
}

<button
  aria-label="View All: undefined"
  className="emotion-6 emotion-7"
  role="button"
  tabIndex={0}
>
  <span
    className="emotion-0 emotion-1"
    dangerouslySetInnerHTML={
      Object {
        "__html": "<svg xmlns=\\"http://www.w3.org/2000/svg\\" width=\\"24\\" height=\\"24\\" class=\\"wd-icon-exclamation-triangle wd-icon\\" focusable=\\"false\\" role=\\"presentation\\" viewBox=\\"0 0 24 24\\"><g fill-rule=\\"evenodd\\" class=\\"wd-icon-container\\"><path d=\\"M12.004 6.393L17.995 19H6z\\" class=\\"wd-icon-background\\"/><path d=\\"M12.442 3.316l8.468 16.918a.5.5 0 0 1-.448.724l-16.888-.003a.5.5 0 0 1-.447-.723l8.42-16.915a.5.5 0 0 1 .895-.001zm-.438 3.077L6 19h11.995L12.004 6.393z\\" class=\\"wd-icon-fill\\"/><path d=\\"M12.495 10c.279 0 .505.215.505.498v4.004a.494.494 0 0 1-.505.498h-.99a.496.496 0 0 1-.505-.498v-4.004c0-.275.214-.498.505-.498h.99zm0 8h-.99a.497.497 0 0 1-.505-.505v-.99c0-.291.226-.505.505-.505h.99c.291 0 .505.226.505.505v.99c0 .291-.226.505-.505.505z\\" class=\\"wd-icon-accent\\"/></g></svg>",
      }
    }
  />
  <div
    className="emotion-2 emotion-3"
  />
  <span
    className="emotion-4 emotion-5"
  >
    View All
  </span>
</button>
`;
