// Jest Snapshot v1, https://goo.gl/fbAQLP

exports[`Applet Icon Snapshots renders as expected 1`] = `
.emotion-0 {
  display: inline-block;
}

.emotion-0 svg {
  display: block;
}

.emotion-0 .color-100 {
  fill: #ffffff;
}

.emotion-0 .color-200 {
  fill: #a6d2ff;
}

.emotion-0 .color-300 {
  fill: #40a0ff;
}

.emotion-0 .color-400 {
  fill: #0875e1;
}

.emotion-0 .color-400-alpha-20 {
  fill: #0875e1;
}

.emotion-0 .color-500 {
  fill: #005cb9;
}

<span
  className="emotion-0"
  dangerouslySetInnerHTML={
    Object {
      "__html": "<svg xmlns=\\"http://www.w3.org/2000/svg\\" width=\\"92\\" height=\\"92\\" class=\\"wd-applet wd-applet-benefits\\" focusable=\\"false\\" role=\\"presentation\\" viewBox=\\"0 0 92 92\\"><g fill=\\"none\\" fill-rule=\\"evenodd\\" class=\\"wd-icon-container\\"><g fill=\\"#0B77E3\\" fill-opacity=\\".2\\" class=\\"animate-flood\\"><path d=\\"M46 82c19.882 0 36-16.118 36-36S65.882 10 46 10 10 26.118 10 46s16.118 36 36 36z\\" class=\\"color-400-alpha-20\\"/></g><g class=\\"animate-grow\\"><path fill=\\"#FFF\\" d=\\"M17.027 23.192c-.005-.462.34-.953.787-1.103l27.571-9.27c.44-.147 1.143-.15 1.59 0l27.572 9.27c.44.147.793.646.787 1.107 0 0 .008 13.97-2.908 29.616-2.916 15.645-19.59 24.2-26.246 31.167-6.12-6.967-23.329-15.003-26.245-31.167-2.916-16.164-2.908-29.62-2.908-29.62z\\" class=\\"color-100\\"/><path fill=\\"#A6D2FF\\" d=\\"M22.61 27.593s-.008 10.748 2.35 23.817 16.272 19.567 21.22 25.2c5.382-5.633 18.863-12.55 21.221-25.2 2.358-12.65 2.349-23.791 2.349-23.791.006-.448-.342-.952-.775-1.098l-22.01-7.399c-.433-.146-1.136-.146-1.57 0l-22.009 7.4c-.433.145-.78.625-.775 1.071z\\" class=\\"color-200\\"/><path fill=\\"#005CB9\\" d=\\"M17.176 20.193l27.572-9.27c.855-.287 2.006-.288 2.865 0l27.571 9.27c1.262.424 2.166 1.698 2.15 3.002a119.472 119.472 0 0 1-.046 2.526c-.057 1.97-.16 4.185-.322 6.594-.459 6.871-1.285 13.951-2.574 20.863-1.562 8.384-6.501 15.054-14.943 22.258-.178.152-10.066 8.086-11.822 9.925a2 2 0 0 1-2.95-.062c-1.703-1.94-13.166-11.073-12.04-10.123-8.302-7.003-13.15-13.58-14.67-22.009-1.287-7.132-2.113-14.257-2.572-21.045-.16-2.382-.264-4.554-.322-6.476a113.85 113.85 0 0 1-.046-2.455c-.013-1.31.883-2.572 2.15-2.998zm-.149 2.999s-.008 13.456 2.908 29.62 20.125 24.2 26.245 31.167c6.656-6.967 23.33-15.522 26.246-31.167 2.916-15.645 2.908-29.616 2.908-29.616.006-.461-.348-.96-.787-1.107l-27.571-9.27c-.448-.15-1.152-.147-1.59 0l-27.572 9.27c-.448.15-.792.641-.787 1.103zm5.722 1.433l22.01-7.399c.846-.284 1.997-.284 2.843 0l22.01 7.4c1.257.422 2.156 1.704 2.138 2.991 0 .387-.01 1.08-.038 2.042-.046 1.582-.13 3.36-.26 5.296-.371 5.517-1.041 11.222-2.085 16.821-1.283 6.884-5.324 12.341-12.21 18.218-.163.139-8.13 6.532-9.53 7.998a2 2 0 0 1-2.95-.062c-1.35-1.539-10.572-8.886-9.694-8.145-6.774-5.714-10.743-11.098-11.992-18.02a155.61 155.61 0 0 1-2.343-22.187 71.25 71.25 0 0 1-.037-1.977c-.008-1.315.894-2.557 2.138-2.976zm-.138 2.968S22.6 38.341 24.96 51.41c2.358 13.069 16.272 19.567 21.22 25.2 5.382-5.633 18.863-12.55 21.221-25.2 2.358-12.65 2.349-23.791 2.349-23.791.006-.448-.342-.952-.775-1.098l-22.01-7.399c-.433-.146-1.136-.146-1.57 0l-22.009 7.4c-.433.145-.78.625-.775 1.071z\\" class=\\"color-500\\"/><path fill=\\"#000\\" d=\\"M66.889 53.533C63.522 64.85 51.253 71.3 46.18 76.61c-4.655-5.3-17.245-11.364-20.684-22.945 4.766 9.668 16.202 15.123 20.684 19.945 4.875-4.822 16.031-10.584 20.709-20.077z\\" class=\\"color-shadow\\" opacity=\\".1\\"/><path fill=\\"#FFF\\" d=\\"M39.5 57a4 4 0 1 1 0-8 4 4 0 0 1 0 8zm14 0a4 4 0 1 1 0-8 4 4 0 0 1 0 8z\\" class=\\"color-100\\"/><path fill=\\"#005CB9\\" d=\\"M46.5 52.716c-.303 0-.645.044-1.002.122L45.5 53a6 6 0 1 1-11.98-.5h-1.022a1 1 0 1 1 .004-2H34v.098a6.001 6.001 0 0 1 11.113.277c.465-.1.933-.16 1.387-.16.454 0 .922.06 1.387.16A6.002 6.002 0 0 1 59 50.598V50.5h1.498a1 1 0 1 1 .004 2h-1.023a6 6 0 1 1-11.98.5c.001-.054.002-.108-.007-.165a4.81 4.81 0 0 0-.992-.12zm7 4.284a4 4 0 1 0 0-8 4 4 0 0 0 0 8zm-14 0a4 4 0 1 0 0-8 4 4 0 0 0 0 8z\\" class=\\"color-500\\"/><path fill=\\"#FFF\\" d=\\"M59.048 34.636c0-1.253-1.154-2.27-2.577-2.27-.77 0-1.071.577-1.958.577s-1.137-.576-1.907-.576c-1.423 0-2.577 1.016-2.577 2.27v.036c0 1.764 1.277 2.63 1.277 3.81 0 1.18-.259 3.35.807 3.35 1.056 0 1.082-3.061 2.4-3.141 1.37-.083 1.396 3.14 2.451 3.14 1.066 0 .807-2.168.807-3.349 0-1.18 1.277-2.046 1.277-3.785v-.062z\\" class=\\"color-100\\"/><path fill=\\"#005CB9\\" fill-rule=\\"nonzero\\" d=\\"M52.956 32.41a1.389 1.389 0 0 0-.35-.043c-1.423 0-2.577 1.016-2.577 2.27v.036c0 1.764 1.277 2.63 1.277 3.81 0 1.18-.259 3.35.807 3.35 1.056 0 1.082-3.061 2.4-3.141 1.37-.083 1.396 3.14 2.451 3.14 1.066 0 .807-2.168.807-3.349 0-1.18 1.277-2.046 1.277-3.785v-.062c0-1.253-1.154-2.27-2.577-2.27-.145 0-.274.021-.393.054a.996.996 0 0 1-.334.348 6.465 6.465 0 0 0-.584.421c-.15.12-.686.571-.803.665-.355.285-.643.474-.962.605-.26.107-.528.165-.804.165a1 1 0 1 1 0-2 .22.22 0 0 0 .046-.016c.077-.031.18-.094.32-.198zm1.392 10.153c-.507.754-1.237 1.27-2.235 1.27-1.359 0-2.246-.88-2.606-2.054-.179-.584-.232-1.2-.228-2.003 0-.21.005-.39.014-.707.011-.352.013-.455.013-.586 0 .033-.003.02-.039-.06a4.11 4.11 0 0 0-.134-.266l-.22-.401c-.592-1.083-.884-1.931-.883-3.047v-.073c0-2.418 2.101-4.27 4.576-4.27.691 0 1.172.163 1.767.48l.085.045c.128.068.08.052.055.052-.014 0-.04.009.114-.07l.1-.05c.594-.302 1.07-.456 1.744-.456 2.475 0 4.577 1.85 4.577 4.27v.061c0 1.145-.292 1.984-.886 3.065-.02.039-.176.319-.215.39-.06.112-.103.194-.133.262-.04.087-.043.1-.043.068 0 .13.002.234.013.586.01.317.013.498.014.707.004.802-.05 1.42-.228 2.003-.36 1.174-1.247 2.053-2.606 2.053-1.007 0-1.732-.524-2.235-1.286a4.362 4.362 0 0 1-.184-.305c-.06.11-.125.215-.197.322z\\" class=\\"color-500\\"/><path fill=\\"#FFF\\" d=\\"M38.524 41.94c-2.132-1.73-5.888-4.572-4.914-7.81.586-1.95 3.55-2.763 4.99.392 1.44-3.155 4.366-2.269 4.914-.392.948 3.246-2.782 6.08-4.914 7.81 0 .041-.076.041-.076 0z\\" class=\\"color-100\\"/><path fill=\\"#005CB9\\" fill-rule=\\"nonzero\\" d=\\"M36.372 42.77a35.38 35.38 0 0 1-1.02-.864c-3.066-2.711-4.578-5.291-3.658-8.352.949-3.153 4.434-4.037 6.91-2.183 2.467-1.825 5.921-.915 6.83 2.199.894 3.06-.618 5.638-3.672 8.343-.314.277-.639.552-1.014.86a80.786 80.786 0 0 1-.639.519c-.394.443-.974.679-1.547.679a2.084 2.084 0 0 1-1.547-.678 183.51 183.51 0 0 1-.643-.522zm2.152-.83c0 .041.076.041.076 0 2.132-1.73 5.862-4.564 4.914-7.81-.548-1.877-3.473-2.763-4.914.392-1.44-3.155-4.404-2.341-4.99-.392-.974 3.238 2.782 6.08 4.914 7.81z\\" class=\\"color-500\\"/></g></g></svg>",
    }
  }
/>
`;
