// Jest Snapshot v1, https://goo.gl/fbAQLP

exports[`SkeletonHeader default (no arguments) 1`] = `
.emotion-0 {
  width: 100%;
  height: 28px;
  border-radius: 2px;
  background-color: #f0f1f2;
  margin-bottom: 16px;
}

<div
  className="emotion-0 emotion-1"
  height="28px"
  width="100%"
/>
`;
