// Jest Snapshot v1, https://goo.gl/fbAQLP

exports[`Hint Snapshots renders as expected 1`] = `
.emotion-0 {
  font-size: 13px;
  line-height: 20px;
  font-weight: 400;
  color: #494949;
  font-family: "Roboto","Helvetica Neue","Helvetica",Arial,sans-serif;
  width: 100%;
  margin: 8px 0 0;
}

<p
  className="emotion-0 emotion-1"
/>
`;
